// Jest Snapshot v1, https://goo.gl/fbAQLP

exports[`Testing Discount component Render correct component 1`] = `
<View
  style={
    Object {
      "flex": 1,
    }
  }
>
  <View
    style={
      Object {
        "flexDirection": "row",
        "paddingBottom": 20,
      }
    }
  >
    <Text
      style={
        Object {
          "fontSize": 20,
          "fontWeight": "bold",
        }
      }
    >
      Discount:  
    </Text>
    <Text
      style={
        Object {
          "fontSize": 20,
          "fontWeight": "bold",
        }
      }
    >
      40 ₫
    </Text>
  </View>
  <View
    style={
      Object {
        "flexDirection": "row",
        "paddingBottom": 20,
      }
    }
  >
    <Text
      style={
        Object {
          "fontSize": 20,
          "fontWeight": "bold",
        }
      }
    >
      Total:  
    </Text>
    <Text
      style={
        Object {
          "fontSize": 20,
          "fontWeight": "bold",
        }
      }
    >
      360 ₫
    </Text>
  </View>
</View>
`;
